▶ curate failures (500)

NCLEX curation engine — 500 item(s) [qa failures]

  [collision] cmpnjlzuy0…
  [collision] cmpnjm0hp0…
  [collision] cmpnjm0ne0…
  [collision] cmpnjm0ne0…
  [collision] cmpnjm0sz0…
  [collision] cmpnjm0yi0…
  [collision] cmpnjm13z0…
  [collision] cmpnjm13z0…
  [collision] cmpnjm13z0…
  [collision] cmpnjm13z0…
  [collision] cmpnjm1l50…
  [collision] cmpnjm1r90…
  [collision] cmpnjm1r90…
  [collision] cmpnjm1r90…
  [collision] cmpnjm1wv0…
  [collision] cmpnjm22j0…
  [collision] cmpnjm22j0…
  [collision] cmpnjm27z0…
  [collision] cmpnjm2df0…
  [collision] cmpnjm2iz0…
  [collision] cmpnjm2iz0…
  [collision] cmpnjm2iz0…
  [collision] cmpnjm2oe0…
  [collision] cmpnjm2oe0…
  [collision] cmpnjm2tx0…
  [collision] cmpnjm2tx0…
  [collision] cmpnjm2tx0…
  [collision] cmpnjm2ty0…
  [collision] cmpnjm2ze0…
  [collision] cmpnjm34x0…
  [collision] cmpnjm34x0…
  [collision] cmpnjm34x0…
  [collision] cmpnjm3ai0…
  [collision] cmpnjm41w0…
  [collision] cmpnjm4ac0…
  [collision] cmpnjm4w90…
  [collision] cmpnjm4w90…
  [collision] cmpnjm52g0…
  [collision] cmpnjm5ma0…
  [collision] cmpnjm5xr0…
  [collision] cmpnjm5xr0…
  [collision] cmpnjm5xr0…
  [collision] cmpnjm5xr0…
  [collision] cmpnjm63b0…
  [collision] cmpnjm63b0…
  [collision] cmpnjm68t0…
  [collision] cmpnjm68t0…
  [collision] cmpnjm68t0…
  [collision] cmpnjm68t0…
  [collision] cmpnjm68t0…
  [collision] cmpnjm6ft0…
  [collision] cmpnjm7ia0…
  [collision] cmpnjm7ia0…
  [collision] cmpnjm7ia0…
  [collision] cmpnjm7si0…
  [collision] cmpnjm7si0…
  [collision] cmpnjm7sj0…
  [collision] cmpnjm7sj0…
  [collision] cmpnjm8j60…
  [collision] cmpnjm8j60…
  [collision] cmpnjm8j60…
  [collision] cmpnjm9800…
  [collision] cmpnjm9800…
  [collision] cmpnjm9800…
  [collision] cmpnjm9jx0…
  [collision] cmpnjm9py0…
  [collision] cmpnjm9py0…
  [collision] cmpnjm9py0…
  [collision] cmpnjm9py0…
  [collision] cmpnjm9vl0…
  [collision] cmpnjm9vl0…
  [collision] cmpnjm9vl0…
  [collision] cmpnjm9vl0…
  [collision] cmpnjm9vl0…
  [collision] cmpnjm9vl0…
  [collision] cmpnjm9vl0…
  [collision] cmpnjm9vl0…
  [collision] cmpnjma4k0…
  [collision] cmpnjma4k0…
  [collision] cmpnjma4l0…
  [collision] cmpnjma4m0…
  [collision] cmpnjmabc0…
  [collision] cmpnjmabc0…
  [collision] cmpnjmabc0…
  [collision] cmpnjmabd0…
  [collision] cmpnjmavv0…
  [collision] cmpnjmb2r0…
  [collision] cmpnjmb2t0…
  [collision] cmpnjmb9a0…
  [collision] cmpnjmb9a0…
  [collision] cmpnjmb9a0…
  [collision] cmpnjmb9a0…
  [collision] cmpnjmbfj0…
  [collision] cmpnjmbfj0…
  [collision] cmpnjmbfj0…
  [collision] cmpnjmbfj0…
  [collision] cmpnjmbfk0…
  [collision] cmpnjmbfl0…
  [collision] cmpnjmbm70…

── Curation summary ──
Scanned:      500
Skipped OK:   99
Already pass: 0
Rule polish:  99
AI rewrite:   0
Failed QA:    401
Updated:    0
Errors:       0

▶ qa-gate

NCLEX best QA gate — 24295 active nursing items

  … 2000/24295 (best 1500, reject 500)
  … 4000/24295 (best 2397, reject 1603)
  … 6000/24295 (best 3160, reject 2840)
  … 8000/24295 (best 4308, reject 3692)
  … 10000/24295 (best 5052, reject 4948)
  … 12000/24295 (best 5841, reject 6159)
  … 14000/24295 (best 6733, reject 7267)
  … 16000/24295 (best 7689, reject 8311)
  … 18000/24295 (best 8836, reject 9164)
  … 20000/24295 (best 9673, reject 10327)
  … 22000/24295 (best 10524, reject 11476)
  … 24000/24295 (best 11267, reject 12733)
  … 24295/24295 (best 11359, reject 12936)

Best (serve): 11359 (46.8%)
Top blockers:
  cartoon_distractors: 8020
  generic_intervention_distractors: 4602
  generic_pharmacology_distractors: 4295
  generic_communication_distractors: 2237
  generic_risk_distractors: 1142
  generic_teaching_distractors: 469
  duplicate_vignette_in_stem: 114
  generic_delegation_correct: 101
  missing_distractor_rationales: 83
  weak_distractor_rationales: 83

⚠ Below 80%
▶ report

NCLEX best-rate report — 24295 active items

  … 5000/24295
  … 10000/24295
  … 15000/24295
  … 20000/24295
  … 24295/24295

Best tier: 11359 / 24295 (46.8%)
DB qaPassed: 11359 (stale if >> best tier)

⚠ Below 80%
Report: /Users/ryanchishimba/Desktop/cursor/artifacts/nclex-best-rate-report.json

  [collision] cmpnjm2oe0…
  [collision] cmpnjm2tx0…
  [collision] cmpnjm34x0…
  [collision] cmpnjm8j60…
  [collision] cmpnjmavo0…

── Curation summary ──
Scanned:      500
Skipped OK:   5
Already pass: 0
Rule polish:  0
AI rewrite:   500
Failed QA:    0
Updated:    495
Errors:       0

▶ qa-gate

NCLEX best QA gate — 24295 active nursing items

  … 2000/24295 (best 1500, reject 500)
  … 4000/24295 (best 2397, reject 1603)
  … 6000/24295 (best 3160, reject 2840)
  … 8000/24295 (best 4308, reject 3692)
  … 10000/24295 (best 5052, reject 4948)
  … 12000/24295 (best 5841, reject 6159)
  … 14000/24295 (best 6733, reject 7267)
  … 16000/24295 (best 7689, reject 8311)
  … 18000/24295 (best 8836, reject 9164)
  … 20000/24295 (best 9673, reject 10327)
  … 22000/24295 (best 10524, reject 11476)
  … 24000/24295 (best 11267, reject 12733)
  … 24295/24295 (best 11359, reject 12936)

Best (serve): 11359 (46.8%)
Top blockers:
  cartoon_distractors: 8011
  generic_intervention_distractors: 4592
  generic_pharmacology_distractors: 4295
  generic_communication_distractors: 2236
  generic_risk_distractors: 1142
  weak_distractor_rationales: 568
  duplicate_vignette_in_stem: 512
  generic_teaching_distractors: 469
  missing_distractor_rationales: 83
  score_below_best_bar: 62

⚠ Below 80%
▶ report

NCLEX best-rate report — 24295 active items

  … 5000/24295
  … 10000/24295
  … 15000/24295
  … 20000/24295
  … 24295/24295

Best tier: 11359 / 24295 (46.8%)
DB qaPassed: 11359 (stale if >> best tier)

⚠ Below 80%
Report: /Users/ryanchishimba/Desktop/cursor/artifacts/nclex-best-rate-report.json

