
NCLEX Question Bank Curation Engine
  target: 6000
  mode: full
  dry-run: true
  embedded batch progress 25/100
  embedded batch progress 50/100
  embedded batch progress 75/100
  embedded batch progress 100/100
  embedded batch progress 25/100
  embedded batch progress 50/100
  embedded batch progress 75/100
  embedded batch progress 100/100
  embedded batch progress 25/100
  embedded batch progress 50/100
  embedded batch progress 75/100
  embedded batch progress 100/100
  embedded batch progress 25/100
  embedded batch progress 50/100
  embedded batch progress 75/100
  embedded batch progress 100/100
  embedded batch progress 25/100
  embedded batch progress 50/100
  embedded batch progress 75/100
  embedded batch progress 100/100
  embedded batch progress 25/100
  embedded batch progress 50/100
  embedded batch progress 75/100
  embedded batch progress 100/100
  embedded batch progress 25/100
  embedded batch progress 50/100
  embedded batch progress 75/100
  embedded batch progress 100/100
  embedded batch progress 25/100
  embedded batch progress 50/100
  embedded batch progress 75/100
  embedded batch progress 100/100
  embedded batch progress 25/100
  embedded batch progress 50/100
  embedded batch progress 75/100
  embedded batch progress 100/100
  embedded batch progress 25/100
  embedded batch progress 50/100
  embedded batch progress 75/100
  embedded batch progress 100/100
  embedded batch progress 25/100
  embedded batch progress 50/100
  embedded batch progress 75/100
  embedded batch progress 100/100
  embedded batch progress 25/100
  embedded batch progress 50/100
  embedded batch progress 75/100
  embedded batch progress 100/100
  embedded batch progress 25/100
  embedded batch progress 50/100
  embedded batch progress 75/100
  embedded batch progress 100/100
  embedded batch progress 25/100
  embedded batch progress 50/100
  embedded batch progress 75/100
  embedded batch progress 100/100
  embedded batch progress 25/100
  embedded batch progress 50/100
  embedded batch progress 75/100
  embedded batch progress 100/100
  embedded batch progress 25/100
  embedded batch progress 50/100
  embedded batch progress 75/100
  embedded batch progress 100/100
  embedded batch progress 25/100
  embedded batch progress 50/100
  embedded batch progress 75/100
  embedded batch progress 100/100
  embedded batch progress 25/100
  embedded batch progress 50/100
  embedded batch progress 75/100
  embedded batch progress 100/100
  embedded batch progress 25/100
  embedded batch progress 50/100
  embedded batch progress 75/100
  embedded batch progress 100/100
  embedded batch progress 25/100
  embedded batch progress 50/100
  embedded batch progress 75/100
  embedded batch progress 100/100
  embedded batch progress 25/100
  embedded batch progress 50/100
  embedded batch progress 75/100
  embedded batch progress 100/100
  embedded batch progress 25/100
  embedded batch progress 50/100
  embedded batch progress 75/100
  embedded batch progress 100/100
  embedded batch progress 25/100
  embedded batch progress 50/100
  embedded batch progress 75/100
  embedded batch progress 100/100
  embedded batch progress 25/100
  embedded batch progress 50/100
  embedded batch progress 75/100
  embedded batch progress 100/100
  embedded batch progress 25/100
  embedded batch progress 50/100
  embedded batch progress 75/100
  embedded batch progress 100/100
  embedded batch progress 25/100
  embedded batch progress 50/100
  embedded batch progress 75/100
  embedded batch progress 100/100
  embedded batch progress 25/100
  embedded batch progress 50/100
  embedded batch progress 75/100
  embedded batch progress 100/100
  embedded batch progress 25/100
  embedded batch progress 50/100
  embedded batch progress 75/100
  embedded batch progress 100/100
  embedded batch progress 25/100
  embedded batch progress 50/100
  embedded batch progress 75/100
  embedded batch progress 100/100
  embedded batch progress 25/100
  embedded batch progress 50/100
  embedded batch progress 75/100
  embedded batch progress 100/100
  embedded batch progress 25/100
  embedded batch progress 50/100
  embedded batch progress 75/100
  embedded batch progress 100/100
  embedded batch progress 25/100
  embedded batch progress 50/100
  embedded batch progress 75/100
  embedded batch progress 100/100
  embedded batch progress 25/100
  embedded batch progress 50/100
  embedded batch progress 75/100
  embedded batch progress 100/100
  embedded batch progress 25/100
  embedded batch progress 50/100
  embedded batch progress 75/100
  embedded batch progress 100/100
  embedded batch progress 25/100
  embedded batch progress 50/100
  embedded batch progress 75/100
  embedded batch progress 100/100
  embedded batch progress 25/100
  embedded batch progress 50/100
  embedded batch progress 75/100
  embedded batch progress 100/100
  embedded batch progress 25/100
  embedded batch progress 50/100
  embedded batch progress 75/100
  embedded batch progress 100/100
  embedded batch progress 25/100
  embedded batch progress 50/100
  embedded batch progress 75/100
  embedded batch progress 100/100
  embedded batch progress 25/100
  embedded batch progress 50/100
  embedded batch progress 75/100
  embedded batch progress 100/100
  embedded batch progress 25/100
  embedded batch progress 50/100
  embedded batch progress 75/100
  embedded batch progress 100/100
  embedded batch progress 25/100
  embedded batch progress 50/100
  embedded batch progress 75/100
  embedded batch progress 100/100
  embedded batch progress 25/100
  embedded batch progress 50/100
  embedded batch progress 75/100
  embedded batch progress 100/100
  embedded batch progress 25/100
  embedded batch progress 50/100
  embedded batch progress 75/100
  embedded batch progress 100/100
  embedded batch progress 25/100
  embedded batch progress 50/100
  embedded batch progress 75/100
  embedded batch progress 100/100
  embedded batch progress 25/100
  embedded batch progress 50/100
  embedded batch progress 75/100
  embedded batch progress 100/100
  embedded batch progress 25/100
  embedded batch progress 50/100
  embedded batch progress 75/100
  embedded batch progress 100/100
  embedded batch progress 25/100
  embedded batch progress 50/100
  embedded batch progress 75/100
  embedded batch progress 100/100
  embedded batch progress 25/100
  embedded batch progress 50/100
  embedded batch progress 75/100
  embedded batch progress 100/100
  embedded batch progress 25/100
  embedded batch progress 50/100
  embedded batch progress 75/100
  embedded batch progress 100/100
  embedded batch progress 25/100
  embedded batch progress 50/100
  embedded batch progress 75/100
  embedded batch progress 100/100
  embedded batch progress 25/100
  embedded batch progress 50/100
  embedded batch progress 75/100
  embedded batch progress 100/100
  embedded batch progress 25/100
  embedded batch progress 50/100
  embedded batch progress 75/100
  embedded batch progress 100/100
  embedded batch progress 10/10
PrismaClientKnownRequestError: 
Invalid `prisma.$executeRawUnsafe()` invocation:


Raw query failed. Code: `54000`. Message: `ERROR: column cannot have more than 2000 dimensions for hnsw index`
    at ei.handleRequestError (/Users/ryanchishimba/Desktop/cursor/node_modules/@prisma/client/src/runtime/RequestHandler.ts:228:13)
    at ei.handleAndLogRequestError (/Users/ryanchishimba/Desktop/cursor/node_modules/@prisma/client/src/runtime/RequestHandler.ts:174:12)
    at ei.request (/Users/ryanchishimba/Desktop/cursor/node_modules/@prisma/client/src/runtime/RequestHandler.ts:143:12)
    at async a (/Users/ryanchishimba/Desktop/cursor/node_modules/@prisma/client/src/runtime/getPrismaClient.ts:833:24)
    at async ensureEmbeddingIndex (/Users/ryanchishimba/Desktop/cursor/src/lib/bank-curation/pgvector-store.ts:44:3)
    at async runCurationPipeline (/Users/ryanchishimba/Desktop/cursor/src/lib/bank-curation/pipeline.ts:71:5)
    at async main (/Users/ryanchishimba/Desktop/cursor/scripts/curate-nclex-bank-engine.ts:40:18) {
  code: 'P2010',
  meta: {
    code: '54000',
    message: 'ERROR: column cannot have more than 2000 dimensions for hnsw index'
  },
  clientVersion: '6.19.3'
}
